// Jest Snapshot v1, https://goo.gl/fbAQLP

exports[`CheckboxWithLabel 1`] = `
<label>
  <input
    checked={false}
    onChange={[Function]}
    type="checkbox"
  />
  Off
  <a
    href="www.gmail.com"
  >
    www.gmail.com
  </a>
</label>
`;
