// Jest Snapshot v1, https://goo.gl/fbAQLP

exports[`Link changes the class when hovered 1`] = `
<a
  href="http://www.gmail.com"
>
  http://www.gmail.com
</a>
`;
